--------- beginning of main
03-02 01:32:47.708 16575 16575 I jacobcx.fuseApp: Late-enabling -Xcheck:jni
03-02 01:32:47.727 16575 16575 I jacobcx.fuseApp: Using CollectorTypeCMC GC.
03-02 01:32:47.736 16575 16575 D nativeloader: Load libframework-connectivity-tiramisu-jni.so using APEX ns com_android_tethering for caller /apex/com.android.tethering/javalib/framework-connectivity-t.jar: ok
03-02 01:32:47.773 16575 16575 D ApplicationLoaders: Returning zygote-cached class loader: /system_ext/framework/androidx.window.extensions.jar
03-02 01:32:47.773 16575 16575 D ApplicationLoaders: Returning zygote-cached class loader: /system_ext/framework/androidx.window.sidecar.jar
03-02 01:32:48.111 16575 16575 D nativeloader: Configuring clns-9 for other apk /data/app/~~evYlqPxCZNKl7fAjql4e-A==/dev.jacobcx.fuseApp-Pl_FgeMsM99Viivi2NNYBw==/base.apk. target_sdk_version=36, uses_libraries=, library_path=/data/app/~~evYlqPxCZNKl7fAjql4e-A==/dev.jacobcx.fuseApp-Pl_FgeMsM99Viivi2NNYBw==/lib/arm64:/data/app/~~evYlqPxCZNKl7fAjql4e-A==/dev.jacobcx.fuseApp-Pl_FgeMsM99Viivi2NNYBw==/base.apk!/lib/arm64-v8a, permitted_path=/data:/mnt/expand:/data/user/0/dev.jacobcx.fuseApp
03-02 01:32:48.114 16575 16575 I jacobcx.fuseApp: AssetManager2(0xb400007b188698d8) locale list changing from [] to [en-US]
03-02 01:32:48.116 16575 16575 V GraphicsEnvironment: Currently set values for:
03-02 01:32:48.116 16575 16575 V GraphicsEnvironment:   angle_gl_driver_selection_pkgs=[]
03-02 01:32:48.116 16575 16575 V GraphicsEnvironment:   angle_gl_driver_selection_values=[]
03-02 01:32:48.116 16575 16575 V GraphicsEnvironment: dev.jacobcx.fuseApp is not listed in per-application setting
03-02 01:32:48.117 16575 16575 V GraphicsEnvironment: ANGLE allowlist from config: com.dreamgames.royalmatch com.dts.freefiremax com.dxx.firenow com.gramgames.mergedragons com.ludo.king com.mojang.minecraftpe com.my.defense com.nintendo.zaka com.os.airforce com.playrix.fishdomdd.gplay io.teslatech.callbreak jp.konami.prospia net.peakgames.toonblast
03-02 01:32:48.117 16575 16575 V GraphicsEnvironment: dev.jacobcx.fuseApp is not listed in ANGLE allowlist or settings, returning default
03-02 01:32:48.117 16575 16575 V GraphicsEnvironment: Neither updatable production driver nor prerelease driver is supported.
03-02 01:32:48.142 16575 16575 I fuse.app.FuseApp: starting app
03-02 01:32:48.151 16575 16575 I SkipFoundation: loading SKIP_BRIDGE_MODULES: FuseApp
03-02 01:32:48.179 16575 16575 I SkipFoundation: calling bridgeClass: class skip.android.bridge.AndroidBridge
03-02 01:32:48.376 16575 16575 I SkipFoundation: invoking initBridge: fun skip.android.bridge.AndroidBridge.Companion.initBridge(kotlin.String): kotlin.Unit
03-02 01:32:48.380 16575 16575 D skip.android.bridge.AndroidBridge: loading library: FuseApp
03-02 01:32:48.446 16575 16575 D nativeloader: Load /data/app/~~evYlqPxCZNKl7fAjql4e-A==/dev.jacobcx.fuseApp-Pl_FgeMsM99Viivi2NNYBw==/lib/arm64/libFuseApp.so using class loader ns clns-9 (caller=/data/app/~~evYlqPxCZNKl7fAjql4e-A==/dev.jacobcx.fuseApp-Pl_FgeMsM99Viivi2NNYBw==/base.apk!classes6.dex): ok
03-02 01:32:48.447 16575 16575 D skip.android.bridge/AndroidBridge: initAndroidBridge: start
03-02 01:32:48.447 16575 16575 D skip.android.bridge/AndroidBridge: initAndroidBridge: bootstrapFileManagerProperties
03-02 01:32:48.451 16575 16575 D skip.android.bridge/AndroidBridge: bootstrapFileManagerProperties: applicationSupportDirectory=/data/user/0/dev.jacobcx.fuseApp/files
03-02 01:32:48.451 16575 16575 D skip.android.bridge/AndroidBridge: initAndroidBridge: AssetURLProtocol.register
03-02 01:32:48.960 16575 16575 D skip.android.bridge/AndroidBridge: initAndroidBridge: bootstrapTimezone
03-02 01:32:48.960 16575 16575 D skip.android.bridge/AndroidBridge: initAndroidBridge: setupCACerts
03-02 01:32:48.988 16575 16575 D skip.android.bridge/AndroidBridge: initAndroidBridge: AndroidLooper.setupMainLooper
03-02 01:32:48.989 16575 16575 D swift.android.native/AndroidLooper: setupMainLooper
03-02 01:32:48.989 16575 16575 D skip.android.bridge/AndroidBridge: initAndroidBridge: done
03-02 01:32:48.989 16575 16575 D skip.android.bridge/AndroidBridge: AndroidBridgeBootstrap.initAndroidBridge done in 0.5413579940795898 applicationSupportDirectory=/data/user/0/dev.jacobcx.fuseApp/files
03-02 01:32:48.989 16575 16575 D dev.jacobcx.fuseApp/FuseApp: onInit
03-02 01:32:48.994 16575 16575 I Choreographer: Skipped 51 frames!  The application may be doing too much work on its main thread.
--------- beginning of system
03-02 01:32:48.999 16575 16630 I DisplayManager: Choreographer implicitly registered for the refresh rate.
03-02 01:32:49.002 16575 16575 I jacobcx.fuseApp: AssetManager2(0xb400007b1886cad8) locale list changing from [] to [en-US]
03-02 01:32:49.026 16575 16575 D AppCompatDelegate: Checking for metadata for AppLocalesMetadataHolderService : Service not found
03-02 01:32:49.027 16575 16575 I jacobcx.fuseApp: AssetManager2(0xb400007b18872898) locale list changing from [] to [en-US]
03-02 01:32:49.030 16575 16630 I EGL_emulation: Opening libGLESv1_CM_emulation.so
03-02 01:32:49.030 16575 16630 I EGL_emulation: Opening libGLESv2_emulation.so
03-02 01:32:49.032 16575 16575 E ashmem  : Pinning is deprecated since Android Q. Please use trim or other methods.
03-02 01:32:49.040 16575 16630 W HWUI    : Failed to choose config with EGL_SWAP_BEHAVIOR_PRESERVED, retrying without...
03-02 01:32:49.041 16575 16630 W HWUI    : Failed to initialize 101010-2 format, error = EGL_SUCCESS
03-02 01:32:49.052 16575 16575 I fuse.app.FuseApp: starting activity
03-02 01:32:49.058 16575 16575 I skip.ui.SkipUI: requestPermissionLauncher: androidx.activity.result.ActivityResultRegistry$register$2@409cf17
03-02 01:32:49.065 16575 16575 D CompatChangeReporter: Compat change id reported: 377864165; UID 10216; state: ENABLED
03-02 01:32:49.066 16575 16575 D DesktopModeFlags: Toggle override initialized to: OVERRIDE_UNSET
03-02 01:32:49.085 16575 16575 I jacobcx.fuseApp: hiddenapi: Accessing hidden method Landroid/view/ViewGroup;->makeOptionalFitsSystemWindows()V (runtime_flags=0, domain=platform, api=unsupported) from Landroidx/appcompat/widget/ViewUtils; (domain=app) using reflection: allowed
03-02 01:32:49.086 16575 16575 D dev.jacobcx.fuseApp/FuseApp: onLaunch
03-02 01:32:49.088 16575 16575 I fuse.app.FuseApp: onStart
03-02 01:32:49.093 16575 16575 D dev.jacobcx.fuseApp/FuseApp: onResume
03-02 01:32:49.103 16575 16575 W HWUI    : Unknown dataspace 0
03-02 01:32:49.222 16575 16575 I jacobcx.fuseApp: hiddenapi: Accessing hidden method Landroid/os/SystemProperties;->addChangeCallback(Ljava/lang/Runnable;)V (runtime_flags=0, domain=platform, api=unsupported) from Landroidx/compose/ui/platform/AndroidComposeView$Companion; (domain=app) using reflection: allowed
03-02 01:32:49.270 16575 16580 I jacobcx.fuseApp: Compiler allocated 5111KB to compile void android.view.ViewRootImpl.performTraversals()
03-02 01:32:49.761 16575 16575 I dev.jacobcx.fuseApp/FuseApp: Skip app logs are viewable in the Xcode console for iOS; Android logs can be viewed in Studio or using adb logcat
03-02 01:32:50.057 16575 16575 D InsetsController: hide(ime(), fromIme=false)
03-02 01:32:50.057 16575 16575 I ImeTracker: dev.jacobcx.fuseApp:ac1d267: onCancelled at PHASE_CLIENT_ALREADY_HIDDEN
03-02 01:32:50.156 16575 16575 D fuse.app/Identity: [CounterCard] body: title=Card A instanceID=0F8169F6 count=0
03-02 01:32:50.170 16575 16575 D fuse.app/Identity: [CounterCard] body: title=Card B instanceID=E7B85D7F count=0
03-02 01:32:50.198 16575 16575 D fuse.app/Identity: [CounterCard] body: title=Card A instanceID=D31AF291 count=0
03-02 01:32:50.211 16575 16575 D fuse.app/Identity: [CounterCard] body: title=Card B instanceID=A946C1CB count=0
03-02 01:32:50.227 16575 16575 D fuse.app/Identity: [CounterCard] body: title=Card A instanceID=9CCBEC1F count=0
03-02 01:32:50.238 16575 16575 D fuse.app/Identity: [CounterCard] body: title=Card B instanceID=D9C7149C count=0
03-02 01:32:50.282 16575 16575 D fuse.app/Identity: [CounterCard] body: title=Card A instanceID=E931C604 count=0
03-02 01:32:50.291 16575 16575 D fuse.app/Identity: [CounterCard] body: title=Card B instanceID=B2AFE661 count=0
03-02 01:32:50.384 16575 16575 D fuse.app/Identity: [CounterCard] body: title=Peer Test Card instanceID=DE7F35A3 count=0
03-02 01:32:50.533 16575 16575 D fuse.app/Identity: [CounterCard] body: title=Card A instanceID=40554984 count=0
03-02 01:32:50.546 16575 16575 D fuse.app/Identity: [CounterCard] body: title=Card B instanceID=75D46F05 count=0
03-02 01:32:50.641 16575 16575 I Choreographer: Skipped 33 frames!  The application may be doing too much work on its main thread.
03-02 01:32:50.930 16575 16644 I HWUI    : Davey! duration=852ms; Flags=0, FrameTimelineVsyncId=407636, IntendedVsync=163732646950367, Vsync=163733196950345, InputEventId=0, HandleInputStart=163733213424115, AnimationStart=163733213425490, PerformTraversalsStart=163733392512823, DrawStart=163733392562573, FrameDeadline=163733230283677, FrameStartTime=163733212888407, FrameInterval=16666666, WorkloadTarget=16666666, SyncQueued=163733471936407, SyncStart=163733472185532, IssueDrawCommandsStart=163733472354615, SwapBuffers=163733478983782, FrameCompleted=163733499679240, DequeueBufferDuration=2333, QueueBufferDuration=150333, GpuCompleted=163733499679240, SwapBuffersCompleted=163733480993865, DisplayPresentTime=0, CommandSubmissionCompleted=163733478983782, 
03-02 01:32:51.137 16575 16575 D fuse.app/Identity: [CounterCard] body: title=Card A instanceID=40554984 count=0
03-02 01:32:51.145 16575 16575 D fuse.app/Identity: [CounterCard] body: title=Card B instanceID=75D46F05 count=0
03-02 01:32:54.130 16575 16645 D ProfileInstaller: Installing profile for dev.jacobcx.fuseApp
03-02 01:37:57.049 16575 16575 I jacobcx.fuseApp: hiddenapi: Accessing hidden method Landroid/view/ViewTreeObserver;->dispatchOnScrollChanged()V (runtime_flags=0, domain=platform, api=unsupported) from Landroidx/compose/ui/platform/AndroidComposeView$Companion; (domain=app) using reflection: allowed
03-02 01:38:01.434 16575 16575 D fuse.app/Identity: [CounterCard] body: title=Card A instanceID=40554984 count=0
03-02 01:38:01.441 16575 16575 D fuse.app/Identity: [CounterCard] body: title=Card B instanceID=75D46F05 count=0
03-02 01:38:01.471 16575 16575 D fuse.app/Identity: [CounterCard] body: title=Card A instanceID=40554984 count=0
03-02 01:38:01.477 16575 16575 D fuse.app/Identity: [CounterCard] body: title=Card B instanceID=75D46F05 count=0
03-02 01:38:01.779 16575 16575 D fuse.app/Identity: [CounterCard] body: title=Card A instanceID=40554984 count=0
03-02 01:38:01.785 16575 16575 D fuse.app/Identity: [CounterCard] body: title=Card B instanceID=75D46F05 count=0
03-02 01:38:08.502 16575 16575 D fuse.app/Identity: [CounterCard] body: title=Card A instanceID=40554984 count=0
03-02 01:38:08.507 16575 16575 D fuse.app/Identity: [CounterCard] body: title=Card B instanceID=75D46F05 count=0
03-02 01:38:08.535 16575 16575 D fuse.app/Identity: [CounterCard] body: title=Card A instanceID=40554984 count=0
03-02 01:38:08.539 16575 16575 D fuse.app/Identity: [CounterCard] body: title=Card B instanceID=75D46F05 count=0
03-02 01:38:08.833 16575 16575 D fuse.app/Identity: [CounterCard] body: title=Card A instanceID=40554984 count=0
03-02 01:38:08.836 16575 16575 D fuse.app/Identity: [CounterCard] body: title=Card B instanceID=75D46F05 count=0
03-02 01:38:15.368 16575 16575 D fuse.app/Identity: [CounterCard] body: title=Card A instanceID=40554984 count=0
03-02 01:38:15.372 16575 16575 D fuse.app/Identity: [CounterCard] body: title=Card B instanceID=75D46F05 count=0
03-02 01:38:15.394 16575 16575 D fuse.app/Identity: [CounterCard] body: title=Card A instanceID=40554984 count=0
03-02 01:38:15.398 16575 16575 D fuse.app/Identity: [CounterCard] body: title=Card B instanceID=75D46F05 count=0
03-02 01:38:15.697 16575 16575 D fuse.app/Identity: [CounterCard] body: title=Card A instanceID=40554984 count=0
03-02 01:38:15.699 16575 16575 D fuse.app/Identity: [CounterCard] body: title=Card B instanceID=75D46F05 count=0
03-02 01:38:22.382 16575 16575 D fuse.app/Identity: [CounterCard] body: title=Card A instanceID=40554984 count=0
03-02 01:38:22.385 16575 16575 D fuse.app/Identity: [CounterCard] body: title=Card B instanceID=75D46F05 count=0
03-02 01:38:22.407 16575 16575 D fuse.app/Identity: [CounterCard] body: title=Card A instanceID=40554984 count=0
03-02 01:38:22.412 16575 16575 D fuse.app/Identity: [CounterCard] body: title=Card B instanceID=75D46F05 count=0
03-02 01:38:22.712 16575 16575 D fuse.app/Identity: [CounterCard] body: title=Card A instanceID=40554984 count=0
03-02 01:38:22.718 16575 16575 D fuse.app/Identity: [CounterCard] body: title=Card B instanceID=75D46F05 count=0
03-02 01:38:54.331 16575 16575 D fuse.app/Identity: [CounterCard] body: title=Card A instanceID=40554984 count=0
03-02 01:38:54.334 16575 16575 D fuse.app/Identity: [CounterCard] body: title=Card B instanceID=75D46F05 count=0
03-02 01:38:54.355 16575 16575 D fuse.app/Identity: [CounterCard] body: title=Card A instanceID=40554984 count=0
03-02 01:38:54.358 16575 16575 D fuse.app/Identity: [CounterCard] body: title=Card B instanceID=75D46F05 count=0
03-02 01:38:54.665 16575 16575 D fuse.app/Identity: [CounterCard] body: title=Card A instanceID=40554984 count=0
03-02 01:38:54.668 16575 16575 D fuse.app/Identity: [CounterCard] body: title=Card B instanceID=75D46F05 count=0
03-02 01:38:56.917 16575 16575 D fuse.app/Identity: [CounterCard] body: title=Card A instanceID=40554984 count=0
03-02 01:38:56.920 16575 16575 D fuse.app/Identity: [CounterCard] body: title=Card B instanceID=75D46F05 count=0
03-02 01:38:56.940 16575 16575 D fuse.app/Identity: [CounterCard] body: title=Card A instanceID=40554984 count=0
03-02 01:38:56.943 16575 16575 D fuse.app/Identity: [CounterCard] body: title=Card B instanceID=75D46F05 count=0
03-02 01:38:57.248 16575 16575 D fuse.app/Identity: [CounterCard] body: title=Card A instanceID=40554984 count=0
03-02 01:38:57.251 16575 16575 D fuse.app/Identity: [CounterCard] body: title=Card B instanceID=75D46F05 count=0
03-02 01:39:29.783 16575 16575 D fuse.app/Identity: [CounterCard] body: title=Card A instanceID=40554984 count=0
03-02 01:39:29.788 16575 16575 D fuse.app/Identity: [CounterCard] body: title=Card B instanceID=75D46F05 count=0
03-02 01:39:29.810 16575 16575 D fuse.app/Identity: [CounterCard] body: title=Card A instanceID=40554984 count=0
03-02 01:39:29.814 16575 16575 D fuse.app/Identity: [CounterCard] body: title=Card B instanceID=75D46F05 count=0
03-02 01:39:30.110 16575 16575 D fuse.app/Identity: [CounterCard] body: title=Card A instanceID=40554984 count=0
03-02 01:39:30.114 16575 16575 D fuse.app/Identity: [CounterCard] body: title=Card B instanceID=75D46F05 count=0
03-02 01:39:31.632 16575 16575 D fuse.app/Identity: [CounterCard] body: title=Card A instanceID=40554984 count=0
03-02 01:39:31.636 16575 16575 D fuse.app/Identity: [CounterCard] body: title=Card B instanceID=75D46F05 count=0
03-02 01:39:31.653 16575 16575 D fuse.app/Identity: [CounterCard] body: title=Card A instanceID=40554984 count=0
03-02 01:39:31.655 16575 16575 D fuse.app/Identity: [CounterCard] body: title=Card B instanceID=75D46F05 count=0
03-02 01:39:31.961 16575 16575 D fuse.app/Identity: [CounterCard] body: title=Card A instanceID=40554984 count=0
03-02 01:39:31.965 16575 16575 D fuse.app/Identity: [CounterCard] body: title=Card B instanceID=75D46F05 count=0
03-02 01:39:32.965 16575 16575 D fuse.app/Identity: [CounterCard] body: title=Card A instanceID=40554984 count=0
03-02 01:39:32.967 16575 16575 D fuse.app/Identity: [CounterCard] body: title=Card B instanceID=75D46F05 count=0
03-02 01:39:32.987 16575 16575 D fuse.app/Identity: [CounterCard] body: title=Card A instanceID=40554984 count=0
03-02 01:39:32.990 16575 16575 D fuse.app/Identity: [CounterCard] body: title=Card B instanceID=75D46F05 count=0
03-02 01:39:33.294 16575 16575 D fuse.app/Identity: [CounterCard] body: title=Card A instanceID=40554984 count=0
03-02 01:39:33.297 16575 16575 D fuse.app/Identity: [CounterCard] body: title=Card B instanceID=75D46F05 count=0
03-02 01:39:34.148 16575 16575 D fuse.app/Identity: [CounterCard] body: title=Card A instanceID=40554984 count=0
03-02 01:39:34.151 16575 16575 D fuse.app/Identity: [CounterCard] body: title=Card B instanceID=75D46F05 count=0
03-02 01:39:34.170 16575 16575 D fuse.app/Identity: [CounterCard] body: title=Card A instanceID=40554984 count=0
03-02 01:39:34.172 16575 16575 D fuse.app/Identity: [CounterCard] body: title=Card B instanceID=75D46F05 count=0
03-02 01:39:34.466 16575 16575 D fuse.app/Identity: [CounterCard] body: title=Card A instanceID=40554984 count=0
03-02 01:39:34.468 16575 16575 D fuse.app/Identity: [CounterCard] body: title=Card B instanceID=75D46F05 count=0
03-02 01:39:35.781 16575 16575 D fuse.app/Identity: [CounterCard] body: title=Card A instanceID=40554984 count=0
03-02 01:39:35.783 16575 16575 D fuse.app/Identity: [CounterCard] body: title=Card B instanceID=75D46F05 count=0
03-02 01:39:35.801 16575 16575 D fuse.app/Identity: [CounterCard] body: title=Card A instanceID=40554984 count=0
03-02 01:39:35.805 16575 16575 D fuse.app/Identity: [CounterCard] body: title=Card B instanceID=75D46F05 count=0
03-02 01:39:36.097 16575 16575 D fuse.app/Identity: [CounterCard] body: title=Card A instanceID=40554984 count=0
03-02 01:39:36.100 16575 16575 D fuse.app/Identity: [CounterCard] body: title=Card B instanceID=75D46F05 count=0
03-02 01:39:36.947 16575 16575 D fuse.app/Identity: [CounterCard] body: title=Card A instanceID=40554984 count=0
03-02 01:39:36.950 16575 16575 D fuse.app/Identity: [CounterCard] body: title=Card B instanceID=75D46F05 count=0
03-02 01:39:36.968 16575 16575 D fuse.app/Identity: [CounterCard] body: title=Card A instanceID=40554984 count=0
03-02 01:39:36.971 16575 16575 D fuse.app/Identity: [CounterCard] body: title=Card B instanceID=75D46F05 count=0
03-02 01:39:37.262 16575 16575 D fuse.app/Identity: [CounterCard] body: title=Card A instanceID=40554984 count=0
03-02 01:39:37.266 16575 16575 D fuse.app/Identity: [CounterCard] body: title=Card B instanceID=75D46F05 count=0
03-02 01:43:35.565 16575 16575 D fuse.app/Identity: [CounterCard] body: title=Card A instanceID=0F8169F6 count=1
03-02 01:43:35.726 16575 16575 D fuse.app/Identity: [CounterCard] body: title=Card A instanceID=0F8169F6 count=2
03-02 01:43:36.776 16575 16575 D fuse.app/Identity: [CounterCard] body: title=Card B instanceID=E7B85D7F count=1
03-02 01:43:36.943 16575 16575 D fuse.app/Identity: [CounterCard] body: title=Card B instanceID=E7B85D7F count=2
03-02 01:43:37.111 16575 16575 D fuse.app/Identity: [CounterCard] body: title=Card B instanceID=E7B85D7F count=3
03-02 01:43:37.259 16575 16575 D fuse.app/Identity: [CounterCard] body: title=Card B instanceID=E7B85D7F count=4
03-02 01:43:37.393 16575 16575 D fuse.app/Identity: [CounterCard] body: title=Card B instanceID=E7B85D7F count=5
03-02 01:43:46.098 16575 16575 D fuse.app/Identity: [IdentityFeature] deleteCard: id=E1D95299 title=Card A
03-02 01:43:46.098 16575 16575 D fuse.app/Identity: [IdentityFeature] remaining: Card B=76176E73
03-02 01:43:46.118 16575 16575 D fuse.app/Identity: [CounterCard] body: title=Card B instanceID=E7B85D7F count=5
03-02 01:43:46.124 16575 16575 D fuse.app/Identity: [CounterCard] body: title=Card B instanceID=A946C1CB count=0
03-02 01:43:46.128 16575 16575 D fuse.app/Identity: [CounterCard] body: title=Card B instanceID=D9C7149C count=0
03-02 01:43:46.134 16575 16575 D fuse.app/Identity: [CounterCard] body: title=Card B instanceID=B2AFE661 count=0
03-02 01:43:46.147 16575 16575 D fuse.app/Identity: [CounterCard] body: title=Peer Test Card instanceID=DE7F35A3 count=0
03-02 01:43:46.155 16575 16575 D fuse.app/Identity: [CounterCard] body: title=Card B instanceID=75D46F05 count=0
03-02 01:43:46.195 16575 16575 D fuse.app/Identity: [CounterCard] body: title=Card B instanceID=75D46F05 count=0
03-02 01:43:46.497 16575 16575 D fuse.app/Identity: [CounterCard] body: title=Card B instanceID=75D46F05 count=0
03-02 01:43:50.160 16575 16575 D fuse.app/Identity: [CounterCard] body: title=Card B instanceID=A946C1CB count=1
03-02 01:43:50.359 16575 16575 D fuse.app/Identity: [CounterCard] body: title=Card B instanceID=A946C1CB count=2
03-02 01:43:50.810 16575 16575 D fuse.app/Identity: [CounterCard] body: title=Card B instanceID=A946C1CB count=3
03-02 01:43:50.977 16575 16575 D fuse.app/Identity: [CounterCard] body: title=Card B instanceID=A946C1CB count=4
03-02 01:43:51.162 16575 16575 D fuse.app/Identity: [CounterCard] body: title=Card B instanceID=A946C1CB count=5
03-02 01:43:53.187 16575 16575 D fuse.app/Identity: [IdentityFeature] addCard: id=28F7656C title=Card C
03-02 01:43:53.200 16575 16575 D fuse.app/Identity: [CounterCard] body: title=Card B instanceID=E7B85D7F count=5
03-02 01:43:53.203 16575 16575 D fuse.app/Identity: [CounterCard] body: title=Card C instanceID=1F8C23F6 count=0
03-02 01:43:53.211 16575 16575 D fuse.app/Identity: [CounterCard] body: title=Card B instanceID=A946C1CB count=5
03-02 01:43:53.215 16575 16575 D fuse.app/Identity: [CounterCard] body: title=Card C instanceID=F7E71A93 count=0
03-02 01:43:53.220 16575 16575 D fuse.app/Identity: [CounterCard] body: title=Card B instanceID=D9C7149C count=0
03-02 01:43:53.223 16575 16575 D fuse.app/Identity: [CounterCard] body: title=Card C instanceID=15AFB365 count=0
03-02 01:43:53.233 16575 16575 D fuse.app/Identity: [CounterCard] body: title=Card B instanceID=B2AFE661 count=0
03-02 01:43:53.236 16575 16575 D fuse.app/Identity: [CounterCard] body: title=Card C instanceID=9AEA02FB count=0
03-02 01:43:53.253 16575 16575 D fuse.app/Identity: [CounterCard] body: title=Peer Test Card instanceID=DE7F35A3 count=0
03-02 01:43:53.258 16575 16575 D fuse.app/Identity: [CounterCard] body: title=Card B instanceID=75D46F05 count=0
03-02 01:43:53.284 16575 16575 D fuse.app/Identity: [CounterCard] body: title=Card C instanceID=658685F8 count=0
03-02 01:43:53.307 16575 16575 D fuse.app/Identity: [CounterCard] body: title=Card B instanceID=75D46F05 count=0
03-02 01:43:53.311 16575 16575 D fuse.app/Identity: [CounterCard] body: title=Card C instanceID=658685F8 count=0
03-02 01:43:53.610 16575 16575 D fuse.app/Identity: [CounterCard] body: title=Card B instanceID=75D46F05 count=0
03-02 01:43:53.614 16575 16575 D fuse.app/Identity: [CounterCard] body: title=Card C instanceID=658685F8 count=0
03-02 01:43:57.093 16575 16575 D fuse.app/Identity: [CounterCard] body: title=Card C instanceID=F7E71A93 count=-1
03-02 01:43:57.246 16575 16575 D fuse.app/Identity: [CounterCard] body: title=Card C instanceID=F7E71A93 count=-2
03-02 01:44:00.895 16575 16575 D fuse.app/Identity: [IdentityFeature] deleteCard: id=76176E73 title=Card B
03-02 01:44:00.895 16575 16575 D fuse.app/Identity: [IdentityFeature] remaining: Card C=28F7656C
03-02 01:44:00.917 16575 16575 D fuse.app/Identity: [CounterCard] body: title=Card C instanceID=1F8C23F6 count=0
03-02 01:44:00.923 16575 16575 D fuse.app/Identity: [CounterCard] body: title=Card C instanceID=F7E71A93 count=-2
03-02 01:44:00.928 16575 16575 D fuse.app/Identity: [CounterCard] body: title=Card C instanceID=15AFB365 count=0
03-02 01:44:00.937 16575 16575 D fuse.app/Identity: [CounterCard] body: title=Card C instanceID=9AEA02FB count=0
03-02 01:44:00.953 16575 16575 D fuse.app/Identity: [CounterCard] body: title=Peer Test Card instanceID=DE7F35A3 count=0
03-02 01:44:00.959 16575 16575 D fuse.app/Identity: [CounterCard] body: title=Card C instanceID=658685F8 count=0
03-02 01:44:00.995 16575 16575 D fuse.app/Identity: [CounterCard] body: title=Card C instanceID=658685F8 count=0
03-02 01:44:01.295 16575 16575 D fuse.app/Identity: [CounterCard] body: title=Card C instanceID=658685F8 count=0
03-02 01:44:06.699 16575 16575 D fuse.app/Identity: [IdentityFeature] addCard: id=E8FBB458 title=Card D
03-02 01:44:06.719 16575 16575 D fuse.app/Identity: [CounterCard] body: title=Card C instanceID=1F8C23F6 count=0
03-02 01:44:06.722 16575 16575 D fuse.app/Identity: [CounterCard] body: title=Card D instanceID=2099A791 count=0
03-02 01:44:06.730 16575 16575 D fuse.app/Identity: [CounterCard] body: title=Card C instanceID=F7E71A93 count=-2
03-02 01:44:06.733 16575 16575 D fuse.app/Identity: [CounterCard] body: title=Card D instanceID=564E30E4 count=0
03-02 01:44:06.740 16575 16575 D fuse.app/Identity: [CounterCard] body: title=Card C instanceID=15AFB365 count=0
03-02 01:44:06.743 16575 16575 D fuse.app/Identity: [CounterCard] body: title=Card D instanceID=90AA0DF0 count=0
03-02 01:44:06.754 16575 16575 D fuse.app/Identity: [CounterCard] body: title=Card C instanceID=9AEA02FB count=0
03-02 01:44:06.756 16575 16575 D fuse.app/Identity: [CounterCard] body: title=Card D instanceID=8D4317DC count=0
03-02 01:44:06.775 16575 16575 D fuse.app/Identity: [CounterCard] body: title=Peer Test Card instanceID=DE7F35A3 count=0
03-02 01:44:06.780 16575 16575 D fuse.app/Identity: [CounterCard] body: title=Card C instanceID=658685F8 count=0
03-02 01:44:06.806 16575 16575 D fuse.app/Identity: [CounterCard] body: title=Card D instanceID=A2B6BEC0 count=0
03-02 01:44:06.838 16575 16575 D fuse.app/Identity: [CounterCard] body: title=Card C instanceID=658685F8 count=0
03-02 01:44:06.842 16575 16575 D fuse.app/Identity: [CounterCard] body: title=Card D instanceID=A2B6BEC0 count=0
03-02 01:44:07.144 16575 16575 D fuse.app/Identity: [CounterCard] body: title=Card D instanceID=A2B6BEC0 count=0
03-02 01:44:07.147 16575 16575 D fuse.app/Identity: [CounterCard] body: title=Card C instanceID=658685F8 count=0
03-02 01:44:09.910 16575 16575 D fuse.app/Identity: [CounterCard] body: title=Card C instanceID=15AFB365 count=-1
03-02 01:44:10.126 16575 16575 D fuse.app/Identity: [CounterCard] body: title=Card C instanceID=15AFB365 count=-2
03-02 01:44:10.378 16575 16575 D fuse.app/Identity: [CounterCard] body: title=Card C instanceID=15AFB365 count=-3
03-02 01:44:10.543 16575 16575 D fuse.app/Identity: [CounterCard] body: title=Card C instanceID=15AFB365 count=-4
03-02 01:44:10.709 16575 16575 D fuse.app/Identity: [CounterCard] body: title=Card C instanceID=15AFB365 count=-5
03-02 01:44:12.426 16575 16575 D fuse.app/Identity: [CounterCard] body: title=Card D instanceID=90AA0DF0 count=1
03-02 01:44:12.576 16575 16575 D fuse.app/Identity: [CounterCard] body: title=Card D instanceID=90AA0DF0 count=2
03-02 01:44:12.743 16575 16575 D fuse.app/Identity: [CounterCard] body: title=Card D instanceID=90AA0DF0 count=3
03-02 01:44:18.670 16575 16575 D fuse.app/Identity: [IdentityFeature] deleteCard: id=28F7656C title=Card C
03-02 01:44:18.670 16575 16575 D fuse.app/Identity: [IdentityFeature] remaining: Card D=E8FBB458
03-02 01:44:18.683 16575 16575 D fuse.app/Identity: [CounterCard] body: title=Card D instanceID=2099A791 count=0
03-02 01:44:18.688 16575 16575 D fuse.app/Identity: [CounterCard] body: title=Card D instanceID=564E30E4 count=0
03-02 01:44:18.691 16575 16575 D fuse.app/Identity: [CounterCard] body: title=Card D instanceID=90AA0DF0 count=3
03-02 01:44:18.703 16575 16575 D fuse.app/Identity: [CounterCard] body: title=Card D instanceID=8D4317DC count=0
03-02 01:44:18.719 16575 16575 D fuse.app/Identity: [CounterCard] body: title=Peer Test Card instanceID=DE7F35A3 count=0
03-02 01:44:18.725 16575 16575 D fuse.app/Identity: [CounterCard] body: title=Card D instanceID=A2B6BEC0 count=0
03-02 01:44:18.760 16575 16575 D fuse.app/Identity: [CounterCard] body: title=Card D instanceID=A2B6BEC0 count=0
03-02 01:44:19.077 16575 16575 D fuse.app/Identity: [CounterCard] body: title=Card D instanceID=A2B6BEC0 count=0
03-02 01:45:53.721 16575 16575 D fuse.app/Identity: [IdentityFeature] addCard: id=EF0B1C20 title=Card E
03-02 01:45:53.737 16575 16575 D fuse.app/Identity: [CounterCard] body: title=Card D instanceID=2099A791 count=0
03-02 01:45:53.739 16575 16575 D fuse.app/Identity: [CounterCard] body: title=Card E instanceID=260C37FE count=0
03-02 01:45:53.747 16575 16575 D fuse.app/Identity: [CounterCard] body: title=Card D instanceID=564E30E4 count=0
03-02 01:45:53.749 16575 16575 D fuse.app/Identity: [CounterCard] body: title=Card E instanceID=1C4C4DDA count=0
03-02 01:45:53.755 16575 16575 D fuse.app/Identity: [CounterCard] body: title=Card D instanceID=90AA0DF0 count=3
03-02 01:45:53.758 16575 16575 D fuse.app/Identity: [CounterCard] body: title=Card E instanceID=0418C5EA count=0
03-02 01:45:53.766 16575 16575 D fuse.app/Identity: [CounterCard] body: title=Card D instanceID=8D4317DC count=0
03-02 01:45:53.768 16575 16575 D fuse.app/Identity: [CounterCard] body: title=Card E instanceID=2427E412 count=0
03-02 01:45:53.783 16575 16575 D fuse.app/Identity: [CounterCard] body: title=Peer Test Card instanceID=DE7F35A3 count=0
03-02 01:45:53.789 16575 16575 D fuse.app/Identity: [CounterCard] body: title=Card D instanceID=A2B6BEC0 count=0
03-02 01:45:53.826 16575 16575 D fuse.app/Identity: [CounterCard] body: title=Card E instanceID=3CE280A5 count=0
03-02 01:45:53.851 16575 16575 D fuse.app/Identity: [CounterCard] body: title=Card D instanceID=A2B6BEC0 count=0
03-02 01:45:53.854 16575 16575 D fuse.app/Identity: [CounterCard] body: title=Card E instanceID=3CE280A5 count=0
03-02 01:45:54.160 16575 16575 D fuse.app/Identity: [CounterCard] body: title=Card D instanceID=A2B6BEC0 count=0
03-02 01:45:54.163 16575 16575 D fuse.app/Identity: [CounterCard] body: title=Card E instanceID=3CE280A5 count=0
03-02 01:46:47.390 16575 16575 D fuse.app/Identity: [IdentityFeature] animatedDeletion: true
03-02 01:46:53.226 16575 16575 D fuse.app/Identity: [CounterCard] body: title=Card E instanceID=2427E412 count=1
03-02 01:46:53.376 16575 16575 D fuse.app/Identity: [CounterCard] body: title=Card E instanceID=2427E412 count=2
03-02 01:46:54.160 16575 16575 D fuse.app/Identity: [CounterCard] body: title=Card D instanceID=8D4317DC count=-1
03-02 01:46:54.293 16575 16575 D fuse.app/Identity: [CounterCard] body: title=Card D instanceID=8D4317DC count=-2
03-02 01:46:55.416 16575 16575 D fuse.app/Identity: [IdentityFeature] deleteCard: id=E8FBB458 title=Card D
03-02 01:46:55.416 16575 16575 D fuse.app/Identity: [IdentityFeature] remaining: Card E=EF0B1C20
03-02 01:46:55.434 16575 16575 D fuse.app/Identity: [CounterCard] body: title=Card E instanceID=260C37FE count=0
03-02 01:46:55.439 16575 16575 D fuse.app/Identity: [CounterCard] body: title=Card E instanceID=1C4C4DDA count=0
03-02 01:46:55.444 16575 16575 D fuse.app/Identity: [CounterCard] body: title=Card E instanceID=0418C5EA count=0
03-02 01:46:55.453 16575 16575 D fuse.app/Identity: [CounterCard] body: title=Card E instanceID=2427E412 count=2
03-02 01:46:55.470 16575 16575 D fuse.app/Identity: [CounterCard] body: title=Peer Test Card instanceID=DE7F35A3 count=0
03-02 01:46:55.474 16575 16575 D fuse.app/Identity: [CounterCard] body: title=Card E instanceID=3CE280A5 count=0
03-02 01:46:59.348 16575 16575 D fuse.app/Identity: [IdentityFeature] addCard: id=4BAC7FC4 title=Card F
03-02 01:46:59.377 16575 16575 D fuse.app/Identity: [CounterCard] body: title=Card E instanceID=260C37FE count=0
03-02 01:46:59.380 16575 16575 D fuse.app/Identity: [CounterCard] body: title=Card F instanceID=B1AF7AA7 count=0
03-02 01:46:59.387 16575 16575 D fuse.app/Identity: [CounterCard] body: title=Card E instanceID=1C4C4DDA count=0
03-02 01:46:59.391 16575 16575 D fuse.app/Identity: [CounterCard] body: title=Card F instanceID=DBC75393 count=0
03-02 01:46:59.397 16575 16575 D fuse.app/Identity: [CounterCard] body: title=Card E instanceID=0418C5EA count=0
03-02 01:46:59.399 16575 16575 D fuse.app/Identity: [CounterCard] body: title=Card F instanceID=DE6DFC54 count=0
03-02 01:46:59.410 16575 16575 D fuse.app/Identity: [CounterCard] body: title=Card E instanceID=2427E412 count=2
03-02 01:46:59.413 16575 16575 D fuse.app/Identity: [CounterCard] body: title=Card F instanceID=4CA3115C count=0
03-02 01:46:59.430 16575 16575 D fuse.app/Identity: [CounterCard] body: title=Peer Test Card instanceID=DE7F35A3 count=0
03-02 01:46:59.436 16575 16575 D fuse.app/Identity: [CounterCard] body: title=Card E instanceID=3CE280A5 count=0
03-02 01:46:59.460 16575 16575 D fuse.app/Identity: [CounterCard] body: title=Card F instanceID=12A5BDED count=0
03-02 01:46:59.484 16575 16575 D fuse.app/Identity: [CounterCard] body: title=Card E instanceID=3CE280A5 count=0
03-02 01:46:59.488 16575 16575 D fuse.app/Identity: [CounterCard] body: title=Card F instanceID=12A5BDED count=0
03-02 01:46:59.797 16575 16575 D fuse.app/Identity: [CounterCard] body: title=Card E instanceID=3CE280A5 count=0
03-02 01:46:59.801 16575 16575 D fuse.app/Identity: [CounterCard] body: title=Card F instanceID=12A5BDED count=0
03-02 01:47:00.225 16575 16575 D fuse.app/Identity: [IdentityFeature] addCard: id=36C53554 title=Card G
03-02 01:47:00.234 16575 16575 D fuse.app/Identity: [CounterCard] body: title=Card E instanceID=260C37FE count=0
03-02 01:47:00.236 16575 16575 D fuse.app/Identity: [CounterCard] body: title=Card F instanceID=B1AF7AA7 count=0
03-02 01:47:00.238 16575 16575 D fuse.app/Identity: [CounterCard] body: title=Card G instanceID=6EC36EFC count=0
03-02 01:47:00.246 16575 16575 D fuse.app/Identity: [CounterCard] body: title=Card E instanceID=1C4C4DDA count=0
03-02 01:47:00.249 16575 16575 D fuse.app/Identity: [CounterCard] body: title=Card F instanceID=DBC75393 count=0
03-02 01:47:00.254 16575 16575 D fuse.app/Identity: [CounterCard] body: title=Card G instanceID=D2EBAC27 count=0
03-02 01:47:00.260 16575 16575 D fuse.app/Identity: [CounterCard] body: title=Card E instanceID=0418C5EA count=0
03-02 01:47:00.264 16575 16575 D fuse.app/Identity: [CounterCard] body: title=Card F instanceID=DE6DFC54 count=0
03-02 01:47:00.268 16575 16575 D fuse.app/Identity: [CounterCard] body: title=Card G instanceID=86D0B761 count=0
03-02 01:47:00.287 16575 16575 D fuse.app/Identity: [CounterCard] body: title=Card E instanceID=2427E412 count=2
03-02 01:47:00.290 16575 16575 D fuse.app/Identity: [CounterCard] body: title=Card F instanceID=4CA3115C count=0
03-02 01:47:00.293 16575 16575 D fuse.app/Identity: [CounterCard] body: title=Card G instanceID=EC088D5C count=0
03-02 01:47:00.308 16575 16575 D fuse.app/Identity: [CounterCard] body: title=Peer Test Card instanceID=DE7F35A3 count=0
03-02 01:47:00.314 16575 16575 D fuse.app/Identity: [CounterCard] body: title=Card E instanceID=3CE280A5 count=0
03-02 01:47:00.317 16575 16575 D fuse.app/Identity: [CounterCard] body: title=Card F instanceID=12A5BDED count=0
03-02 01:47:00.341 16575 16575 D fuse.app/Identity: [CounterCard] body: title=Card G instanceID=9D5A563D count=0
03-02 01:47:00.367 16575 16575 D fuse.app/Identity: [CounterCard] body: title=Card E instanceID=3CE280A5 count=0
03-02 01:47:00.369 16575 16575 D fuse.app/Identity: [CounterCard] body: title=Card F instanceID=12A5BDED count=0
03-02 01:47:00.372 16575 16575 D fuse.app/Identity: [CounterCard] body: title=Card G instanceID=9D5A563D count=0
03-02 01:47:00.678 16575 16575 D fuse.app/Identity: [CounterCard] body: title=Card E instanceID=3CE280A5 count=0
03-02 01:47:00.680 16575 16575 D fuse.app/Identity: [CounterCard] body: title=Card F instanceID=12A5BDED count=0
03-02 01:47:00.682 16575 16575 D fuse.app/Identity: [CounterCard] body: title=Card G instanceID=9D5A563D count=0
03-02 01:47:03.059 16575 16575 D fuse.app/Identity: [CounterCard] body: title=Card F instanceID=4CA3115C count=1
03-02 01:47:03.195 16575 16575 D fuse.app/Identity: [CounterCard] body: title=Card F instanceID=4CA3115C count=2
03-02 01:47:05.443 16575 16575 D fuse.app/Identity: [CounterCard] body: title=Card F instanceID=4CA3115C count=3
03-02 01:47:05.593 16575 16575 D fuse.app/Identity: [CounterCard] body: title=Card F instanceID=4CA3115C count=4
03-02 01:47:06.262 16575 16575 D fuse.app/Identity: [CounterCard] body: title=Card G instanceID=EC088D5C count=-1
03-02 01:47:06.426 16575 16575 D fuse.app/Identity: [CounterCard] body: title=Card G instanceID=EC088D5C count=-2
03-02 01:47:06.594 16575 16575 D fuse.app/Identity: [CounterCard] body: title=Card G instanceID=EC088D5C count=-3
03-02 01:47:08.148 16575 16575 D fuse.app/Identity: [IdentityFeature] deleteCard: id=4BAC7FC4 title=Card F
03-02 01:47:08.149 16575 16575 D fuse.app/Identity: [IdentityFeature] remaining: Card E=EF0B1C20, Card G=36C53554
03-02 01:47:08.166 16575 16575 D fuse.app/Identity: [CounterCard] body: title=Card E instanceID=260C37FE count=0
03-02 01:47:08.168 16575 16575 D fuse.app/Identity: [CounterCard] body: title=Card G instanceID=6EC36EFC count=0
03-02 01:47:08.172 16575 16575 D fuse.app/Identity: [CounterCard] body: title=Card E instanceID=1C4C4DDA count=0
03-02 01:47:08.176 16575 16575 D fuse.app/Identity: [CounterCard] body: title=Card G instanceID=D2EBAC27 count=0
03-02 01:47:08.181 16575 16575 D fuse.app/Identity: [CounterCard] body: title=Card E instanceID=0418C5EA count=0
03-02 01:47:08.184 16575 16575 D fuse.app/Identity: [CounterCard] body: title=Card G instanceID=86D0B761 count=0
03-02 01:47:08.191 16575 16575 D fuse.app/Identity: [CounterCard] body: title=Card E instanceID=2427E412 count=2
03-02 01:47:08.195 16575 16575 D fuse.app/Identity: [CounterCard] body: title=Card G instanceID=EC088D5C count=-3
03-02 01:47:08.211 16575 16575 D fuse.app/Identity: [CounterCard] body: title=Peer Test Card instanceID=DE7F35A3 count=0
03-02 01:47:08.216 16575 16575 D fuse.app/Identity: [CounterCard] body: title=Card E instanceID=3CE280A5 count=0
03-02 01:47:08.220 16575 16575 D fuse.app/Identity: [CounterCard] body: title=Card G instanceID=9D5A563D count=0
03-02 01:48:43.612 16575 16575 D fuse.app/Identity: [IdentityFeature] styleSelected: italic
03-02 01:48:43.635 16575 16575 D fuse.app/Identity: [CounterCard] body: title=Card E instanceID=260C37FE count=0
03-02 01:48:43.638 16575 16575 D fuse.app/Identity: [CounterCard] body: title=Card G instanceID=6EC36EFC count=0
03-02 01:48:43.643 16575 16575 D fuse.app/Identity: [CounterCard] body: title=Card E instanceID=1C4C4DDA count=0
03-02 01:48:43.647 16575 16575 D fuse.app/Identity: [CounterCard] body: title=Card G instanceID=D2EBAC27 count=0
03-02 01:48:43.651 16575 16575 D fuse.app/Identity: [CounterCard] body: title=Card E instanceID=0418C5EA count=0
03-02 01:48:43.654 16575 16575 D fuse.app/Identity: [CounterCard] body: title=Card G instanceID=86D0B761 count=0
03-02 01:48:43.664 16575 16575 D fuse.app/Identity: [CounterCard] body: title=Card E instanceID=2427E412 count=2
03-02 01:48:43.666 16575 16575 D fuse.app/Identity: [CounterCard] body: title=Card G instanceID=EC088D5C count=-3
03-02 01:48:43.684 16575 16575 D fuse.app/Identity: [CounterCard] body: title=Peer Test Card instanceID=DE7F35A3 count=0
03-02 01:48:43.689 16575 16575 D fuse.app/Identity: [CounterCard] body: title=Card E instanceID=3CE280A5 count=0
03-02 01:48:43.692 16575 16575 D fuse.app/Identity: [CounterCard] body: title=Card G instanceID=9D5A563D count=0
03-02 01:48:43.723 16575 16575 D fuse.app/Identity: [CounterCard] body: title=Card E instanceID=3CE280A5 count=0
03-02 01:48:43.726 16575 16575 D fuse.app/Identity: [CounterCard] body: title=Card G instanceID=9D5A563D count=0
03-02 01:48:44.028 16575 16575 D fuse.app/Identity: [CounterCard] body: title=Card E instanceID=3CE280A5 count=0
03-02 01:48:44.032 16575 16575 D fuse.app/Identity: [CounterCard] body: title=Card G instanceID=9D5A563D count=0
03-02 01:48:44.933 16575 16575 D fuse.app/Identity: [IdentityFeature] styleSelected: underline
03-02 01:48:44.955 16575 16575 D fuse.app/Identity: [CounterCard] body: title=Card E instanceID=260C37FE count=0
03-02 01:48:44.957 16575 16575 D fuse.app/Identity: [CounterCard] body: title=Card G instanceID=6EC36EFC count=0
03-02 01:48:44.963 16575 16575 D fuse.app/Identity: [CounterCard] body: title=Card E instanceID=1C4C4DDA count=0
03-02 01:48:44.965 16575 16575 D fuse.app/Identity: [CounterCard] body: title=Card G instanceID=D2EBAC27 count=0
03-02 01:48:44.967 16575 16575 D fuse.app/Identity: [CounterCard] body: title=Card E instanceID=0418C5EA count=0
03-02 01:48:44.969 16575 16575 D fuse.app/Identity: [CounterCard] body: title=Card G instanceID=86D0B761 count=0
03-02 01:48:44.975 16575 16575 D fuse.app/Identity: [CounterCard] body: title=Card E instanceID=2427E412 count=2
03-02 01:48:44.976 16575 16575 D fuse.app/Identity: [CounterCard] body: title=Card G instanceID=EC088D5C count=-3
03-02 01:48:44.997 16575 16575 D fuse.app/Identity: [CounterCard] body: title=Peer Test Card instanceID=DE7F35A3 count=0
03-02 01:48:45.004 16575 16575 D fuse.app/Identity: [CounterCard] body: title=Card E instanceID=3CE280A5 count=0
03-02 01:48:45.006 16575 16575 D fuse.app/Identity: [CounterCard] body: title=Card G instanceID=9D5A563D count=0
03-02 01:48:45.032 16575 16575 D fuse.app/Identity: [CounterCard] body: title=Card E instanceID=3CE280A5 count=0
03-02 01:48:45.036 16575 16575 D fuse.app/Identity: [CounterCard] body: title=Card G instanceID=9D5A563D count=0
03-02 01:48:45.345 16575 16575 D fuse.app/Identity: [CounterCard] body: title=Card E instanceID=3CE280A5 count=0
03-02 01:48:45.350 16575 16575 D fuse.app/Identity: [CounterCard] body: title=Card G instanceID=9D5A563D count=0
03-02 01:48:45.444 16575 16575 D fuse.app/Identity: [IdentityFeature] styleSelected: strikethrough
03-02 01:48:45.467 16575 16575 D fuse.app/Identity: [CounterCard] body: title=Card E instanceID=260C37FE count=0
03-02 01:48:45.470 16575 16575 D fuse.app/Identity: [CounterCard] body: title=Card G instanceID=6EC36EFC count=0
03-02 01:48:45.475 16575 16575 D fuse.app/Identity: [CounterCard] body: title=Card E instanceID=1C4C4DDA count=0
03-02 01:48:45.478 16575 16575 D fuse.app/Identity: [CounterCard] body: title=Card G instanceID=D2EBAC27 count=0
03-02 01:48:45.483 16575 16575 D fuse.app/Identity: [CounterCard] body: title=Card E instanceID=0418C5EA count=0
03-02 01:48:45.486 16575 16575 D fuse.app/Identity: [CounterCard] body: title=Card G instanceID=86D0B761 count=0
03-02 01:48:45.495 16575 16575 D fuse.app/Identity: [CounterCard] body: title=Card E instanceID=2427E412 count=2
03-02 01:48:45.497 16575 16575 D fuse.app/Identity: [CounterCard] body: title=Card G instanceID=EC088D5C count=-3
03-02 01:48:45.515 16575 16575 D fuse.app/Identity: [CounterCard] body: title=Peer Test Card instanceID=DE7F35A3 count=0
03-02 01:48:45.522 16575 16575 D fuse.app/Identity: [CounterCard] body: title=Card E instanceID=3CE280A5 count=0
03-02 01:48:45.528 16575 16575 D fuse.app/Identity: [CounterCard] body: title=Card G instanceID=9D5A563D count=0
03-02 01:48:45.569 16575 16575 D fuse.app/Identity: [CounterCard] body: title=Card E instanceID=3CE280A5 count=0
03-02 01:48:45.571 16575 16575 D fuse.app/Identity: [CounterCard] body: title=Card G instanceID=9D5A563D count=0
03-02 01:48:45.877 16575 16575 D fuse.app/Identity: [CounterCard] body: title=Card E instanceID=3CE280A5 count=0
03-02 01:48:45.880 16575 16575 D fuse.app/Identity: [CounterCard] body: title=Card G instanceID=9D5A563D count=0
03-02 01:48:46.446 16575 16575 D InsetsController: hide(ime(), fromIme=false)
03-02 01:48:46.446 16575 16575 I ImeTracker: dev.jacobcx.fuseApp:6e5a3ca5: onCancelled at PHASE_CLIENT_ALREADY_HIDDEN
03-02 01:48:47.391 16575 16575 D fuse.app/Identity: [IdentityFeature] styleSelected: italic
03-02 01:48:47.401 16575 16575 D fuse.app/Identity: [CounterCard] body: title=Card E instanceID=260C37FE count=0
03-02 01:48:47.403 16575 16575 D fuse.app/Identity: [CounterCard] body: title=Card G instanceID=6EC36EFC count=0
03-02 01:48:47.407 16575 16575 D fuse.app/Identity: [CounterCard] body: title=Card E instanceID=1C4C4DDA count=0
03-02 01:48:47.409 16575 16575 D fuse.app/Identity: [CounterCard] body: title=Card G instanceID=D2EBAC27 count=0
03-02 01:48:47.412 16575 16575 D fuse.app/Identity: [CounterCard] body: title=Card E instanceID=0418C5EA count=0
03-02 01:48:47.415 16575 16575 D fuse.app/Identity: [CounterCard] body: title=Card G instanceID=86D0B761 count=0
03-02 01:48:47.423 16575 16575 D fuse.app/Identity: [CounterCard] body: title=Card E instanceID=2427E412 count=2
03-02 01:48:47.426 16575 16575 D fuse.app/Identity: [CounterCard] body: title=Card G instanceID=EC088D5C count=-3
03-02 01:48:47.441 16575 16575 D fuse.app/Identity: [CounterCard] body: title=Peer Test Card instanceID=DE7F35A3 count=0
03-02 01:48:47.446 16575 16575 D fuse.app/Identity: [CounterCard] body: title=Card E instanceID=3CE280A5 count=0
03-02 01:48:47.448 16575 16575 D fuse.app/Identity: [CounterCard] body: title=Card G instanceID=9D5A563D count=0
03-02 01:48:47.478 16575 16575 D fuse.app/Identity: [CounterCard] body: title=Card E instanceID=3CE280A5 count=0
03-02 01:48:47.482 16575 16575 D fuse.app/Identity: [CounterCard] body: title=Card G instanceID=9D5A563D count=0
03-02 01:48:47.732 16575 16575 W WindowOnBackDispatcher: sendCancelIfRunning: isInProgress=false callback=androidx.compose.ui.window.Api33Impl$$ExternalSyntheticLambda0@7b9b0c0
03-02 01:48:47.736 16575 16630 D HWUI    : endAllActiveAnimators on 0xb400007b488cd300 (UnprojectedRipple) with handle 0xb400007ab8916520
03-02 01:48:47.766 16575 16575 D InsetsController: hide(ime(), fromIme=false)
03-02 01:48:47.766 16575 16575 I ImeTracker: dev.jacobcx.fuseApp:620ed70d: onCancelled at PHASE_CLIENT_ALREADY_HIDDEN
03-02 01:48:47.777 16575 16575 D fuse.app/Identity: [CounterCard] body: title=Card E instanceID=3CE280A5 count=0
03-02 01:48:47.781 16575 16575 D fuse.app/Identity: [CounterCard] body: title=Card G instanceID=9D5A563D count=0
03-02 01:48:48.499 16575 16575 D InsetsController: hide(ime(), fromIme=false)
03-02 01:48:48.499 16575 16575 I ImeTracker: dev.jacobcx.fuseApp:1805ca0d: onCancelled at PHASE_CLIENT_ALREADY_HIDDEN
03-02 01:48:49.809 16575 16575 D fuse.app/Identity: [IdentityFeature] styleSelected: strikethrough
03-02 01:48:49.818 16575 16575 D fuse.app/Identity: [CounterCard] body: title=Card E instanceID=260C37FE count=0
03-02 01:48:49.820 16575 16575 D fuse.app/Identity: [CounterCard] body: title=Card G instanceID=6EC36EFC count=0
03-02 01:48:49.825 16575 16575 D fuse.app/Identity: [CounterCard] body: title=Card E instanceID=1C4C4DDA count=0
03-02 01:48:49.827 16575 16575 D fuse.app/Identity: [CounterCard] body: title=Card G instanceID=D2EBAC27 count=0
03-02 01:48:49.830 16575 16575 D fuse.app/Identity: [CounterCard] body: title=Card E instanceID=0418C5EA count=0
03-02 01:48:49.833 16575 16575 D fuse.app/Identity: [CounterCard] body: title=Card G instanceID=86D0B761 count=0
03-02 01:48:49.841 16575 16575 D fuse.app/Identity: [CounterCard] body: title=Card E instanceID=2427E412 count=2
03-02 01:48:49.843 16575 16575 D fuse.app/Identity: [CounterCard] body: title=Card G instanceID=EC088D5C count=-3
03-02 01:48:49.858 16575 16575 D fuse.app/Identity: [CounterCard] body: title=Peer Test Card instanceID=DE7F35A3 count=0
03-02 01:48:49.865 16575 16575 D fuse.app/Identity: [CounterCard] body: title=Card E instanceID=3CE280A5 count=0
03-02 01:48:49.867 16575 16575 D fuse.app/Identity: [CounterCard] body: title=Card G instanceID=9D5A563D count=0
03-02 01:48:49.896 16575 16575 D fuse.app/Identity: [CounterCard] body: title=Card E instanceID=3CE280A5 count=0
03-02 01:48:49.902 16575 16575 D fuse.app/Identity: [CounterCard] body: title=Card G instanceID=9D5A563D count=0
03-02 01:48:50.164 16575 16575 W WindowOnBackDispatcher: sendCancelIfRunning: isInProgress=false callback=androidx.compose.ui.window.Api33Impl$$ExternalSyntheticLambda0@b7dd9f8
03-02 01:48:50.166 16575 16630 D HWUI    : endAllActiveAnimators on 0xb400007b488ed600 (UnprojectedRipple) with handle 0xb400007ab89272c0
03-02 01:48:50.197 16575 16575 D InsetsController: hide(ime(), fromIme=false)
03-02 01:48:50.197 16575 16575 I ImeTracker: dev.jacobcx.fuseApp:b632c8ea: onCancelled at PHASE_CLIENT_ALREADY_HIDDEN
03-02 01:48:50.211 16575 16575 D fuse.app/Identity: [CounterCard] body: title=Card E instanceID=3CE280A5 count=0
03-02 01:48:50.215 16575 16575 D fuse.app/Identity: [CounterCard] body: title=Card G instanceID=9D5A563D count=0
03-02 01:48:50.774 16575 16575 D InsetsController: hide(ime(), fromIme=false)
03-02 01:48:50.774 16575 16575 I ImeTracker: dev.jacobcx.fuseApp:ceb78e29: onCancelled at PHASE_CLIENT_ALREADY_HIDDEN
03-02 01:48:51.294 16575 16575 D fuse.app/Identity: [IdentityFeature] styleSelected: italic
03-02 01:48:51.301 16575 16575 D fuse.app/Identity: [CounterCard] body: title=Card E instanceID=260C37FE count=0
03-02 01:48:51.303 16575 16575 D fuse.app/Identity: [CounterCard] body: title=Card G instanceID=6EC36EFC count=0
03-02 01:48:51.309 16575 16575 D fuse.app/Identity: [CounterCard] body: title=Card E instanceID=1C4C4DDA count=0
03-02 01:48:51.311 16575 16575 D fuse.app/Identity: [CounterCard] body: title=Card G instanceID=D2EBAC27 count=0
03-02 01:48:51.314 16575 16575 D fuse.app/Identity: [CounterCard] body: title=Card E instanceID=0418C5EA count=0
03-02 01:48:51.316 16575 16575 D fuse.app/Identity: [CounterCard] body: title=Card G instanceID=86D0B761 count=0
03-02 01:48:51.326 16575 16575 D fuse.app/Identity: [CounterCard] body: title=Card E instanceID=2427E412 count=2
03-02 01:48:51.329 16575 16575 D fuse.app/Identity: [CounterCard] body: title=Card G instanceID=EC088D5C count=-3
03-02 01:48:51.347 16575 16575 D fuse.app/Identity: [CounterCard] body: title=Peer Test Card instanceID=DE7F35A3 count=0
03-02 01:48:51.355 16575 16575 D fuse.app/Identity: [CounterCard] body: title=Card E instanceID=3CE280A5 count=0
03-02 01:48:51.357 16575 16575 D fuse.app/Identity: [CounterCard] body: title=Card G instanceID=9D5A563D count=0
03-02 01:48:51.394 16575 16575 D fuse.app/Identity: [CounterCard] body: title=Card E instanceID=260C37FE count=0
03-02 01:48:51.397 16575 16575 D fuse.app/Identity: [CounterCard] body: title=Card G instanceID=6EC36EFC count=0
03-02 01:48:51.402 16575 16575 D fuse.app/Identity: [CounterCard] body: title=Card E instanceID=1C4C4DDA count=0
03-02 01:48:51.405 16575 16575 D fuse.app/Identity: [CounterCard] body: title=Card G instanceID=D2EBAC27 count=0
